/home/kaman/Projects/stm/rx/Core/Src/stm32f4xx_it.c:71:6:NMI_Handler	4	static
/home/kaman/Projects/stm/rx/Core/Src/stm32f4xx_it.c:86:6:HardFault_Handler	4	static
/home/kaman/Projects/stm/rx/Core/Src/stm32f4xx_it.c:101:6:MemManage_Handler	4	static
/home/kaman/Projects/stm/rx/Core/Src/stm32f4xx_it.c:116:6:BusFault_Handler	4	static
/home/kaman/Projects/stm/rx/Core/Src/stm32f4xx_it.c:131:6:UsageFault_Handler	4	static
/home/kaman/Projects/stm/rx/Core/Src/stm32f4xx_it.c:146:6:DebugMon_Handler	4	static
/home/kaman/Projects/stm/rx/Core/Src/stm32f4xx_it.c:159:6:SysTick_Handler	8	static
/home/kaman/Projects/stm/rx/Core/Src/stm32f4xx_it.c:188:6:EXTI4_IRQHandler	8	static
/home/kaman/Projects/stm/rx/Core/Src/stm32f4xx_it.c:202:6:EXTI9_5_IRQHandler	8	static
/home/kaman/Projects/stm/rx/Core/Src/stm32f4xx_it.c:220:6:OTG_FS_IRQHandler	8	static
